current directory: /Users/ootashougo/Documents/GssManagement/gss_management/vendor/bundle/ruby/2.7.0/gems/json-2.9.1/ext/json/ext/parser
/Users/ootashougo/.rbenv/versions/2.7.3/bin/ruby -I /Users/ootashougo/.rbenv/versions/2.7.3/lib/ruby/2.7.0 -r ./siteconf20250202-90489-1exq5zk.rb extconf.rb
checking for rb_enc_interned_str() in ruby.h... no
checking for rb_hash_new_capa() in ruby.h... no
checking for rb_hash_bulk_insert() in ruby.h... yes
checking for rb_category_warn() in ruby.h... no
checking for strnlen() in string.h... yes
checking for whether -std=c99 is accepted as CFLAGS... yes
creating Makefile

current directory: /Users/ootashougo/Documents/GssManagement/gss_management/vendor/bundle/ruby/2.7.0/gems/json-2.9.1/ext/json/ext/parser
make "DESTDIR=" clean

current directory: /Users/ootashougo/Documents/GssManagement/gss_management/vendor/bundle/ruby/2.7.0/gems/json-2.9.1/ext/json/ext/parser
make "DESTDIR="
compiling parser.c
parser.rl:431:1: warning: function 'raise_parse_error' could be declared with attribute 'noreturn' [-Wmissing-noreturn]
  431 | {
      | ^
1 warning generated.
linking shared-object json/ext/parser.bundle

current directory: /Users/ootashougo/Documents/GssManagement/gss_management/vendor/bundle/ruby/2.7.0/gems/json-2.9.1/ext/json/ext/parser
make "DESTDIR=" install
/usr/bin/install -c -m 0755 parser.bundle ./.gem.20250202-90489-tq6kgf/json/ext
